mode: set
github.com/PinableAgents/typesafe-sdk-go/examples/basic/main.go:16.2,16.30 1 0
github.com/PinableAgents/typesafe-sdk-go/examples/basic/main.go:17.3,19.1 2 0
github.com/PinableAgents/typesafe-sdk-go/examples/basic/main.go:22.2,26.11 5 0
github.com/PinableAgents/typesafe-sdk-go/examples/basic/main.go:27.3,33.1 6 0
github.com/PinableAgents/typesafe-sdk-go/examples/basic/main.go:34.2,35.16 2 0
github.com/PinableAgents/typesafe-sdk-go/examples/basic/main.go:36.3,37.1 1 0
github.com/PinableAgents/typesafe-sdk-go/examples/basic/main.go:38.2,45.1 6 0
github.com/PinableAgents/typesafe-sdk-go/examples/basic/main.go:46.2,47.16 6 0
github.com/PinableAgents/typesafe-sdk-go/examples/basic/main.go:48.3,49.1 1 0
github.com/PinableAgents/typesafe-sdk-go/examples/basic/main.go:50.2,50.60 1 0
github.com/PinableAgents/typesafe-sdk-go/examples/basic/main.go:51.3,52.1 1 0
github.com/PinableAgents/typesafe-sdk-go/examples/basic/main.go:53.2,55.29 3 0
github.com/PinableAgents/typesafe-sdk-go/examples/models/main.go:16.2,16.30 1 0
github.com/PinableAgents/typesafe-sdk-go/examples/models/main.go:17.3,19.1 2 0
github.com/PinableAgents/typesafe-sdk-go/examples/models/main.go:22.2,25.11 4 0
github.com/PinableAgents/typesafe-sdk-go/examples/models/main.go:26.3,32.1 6 0
github.com/PinableAgents/typesafe-sdk-go/examples/models/main.go:33.2,34.16 2 0
github.com/PinableAgents/typesafe-sdk-go/examples/models/main.go:35.3,36.1 1 0
github.com/PinableAgents/typesafe-sdk-go/examples/models/main.go:37.2,41.16 5 0
github.com/PinableAgents/typesafe-sdk-go/examples/models/main.go:42.3,43.1 1 0
github.com/PinableAgents/typesafe-sdk-go/examples/models/main.go:44.2,44.52 1 0
github.com/PinableAgents/typesafe-sdk-go/examples/agent/main.go:16.2,16.30 1 0
github.com/PinableAgents/typesafe-sdk-go/examples/agent/main.go:17.3,19.1 2 0
github.com/PinableAgents/typesafe-sdk-go/examples/agent/main.go:22.2,26.11 5 0
github.com/PinableAgents/typesafe-sdk-go/examples/agent/main.go:27.3,33.1 6 0
github.com/PinableAgents/typesafe-sdk-go/examples/agent/main.go:34.2,35.16 2 0
github.com/PinableAgents/typesafe-sdk-go/examples/agent/main.go:36.3,37.1 1 0
github.com/PinableAgents/typesafe-sdk-go/examples/agent/main.go:38.2,40.16 3 0
github.com/PinableAgents/typesafe-sdk-go/examples/agent/main.go:41.3,42.1 1 0
github.com/PinableAgents/typesafe-sdk-go/examples/agent/main.go:43.2,46.45 4 0
github.com/PinableAgents/typesafe-sdk-go/examples/agent/main.go:47.3,48.1 1 0
github.com/PinableAgents/typesafe-sdk-go/examples/agent/main.go:51.2,51.16 1 0
github.com/PinableAgents/typesafe-sdk-go/internal/mockapi/mock.go:11.2,11.90 1 0
github.com/PinableAgents/typesafe-sdk-go/internal/mockapi/mock.go:12.3,14.63 3 0
github.com/PinableAgents/typesafe-sdk-go/internal/mockapi/mock.go:15.4,17.1 2 0
github.com/PinableAgents/typesafe-sdk-go/internal/mockapi/mock.go:18.3,18.67 1 0
github.com/PinableAgents/typesafe-sdk-go/internal/mockapi/mock.go:19.4,21.1 2 0
github.com/PinableAgents/typesafe-sdk-go/internal/mockapi/mock.go:22.3,27.1 3 0
github.com/PinableAgents/typesafe-sdk-go/internal/mockapi/mock.go:28.3,29.50 3 0
github.com/PinableAgents/typesafe-sdk-go/internal/mockapi/mock.go:30.4,32.1 2 0
github.com/PinableAgents/typesafe-sdk-go/internal/mockapi/mock.go:33.3,34.38 2 0
github.com/PinableAgents/typesafe-sdk-go/internal/mockapi/mock.go:35.4,35.18 1 0
github.com/PinableAgents/typesafe-sdk-go/internal/mockapi/mock.go:37.5,37.65 1 0
github.com/PinableAgents/typesafe-sdk-go/internal/mockapi/mock.go:39.5,42.31 4 0
github.com/PinableAgents/typesafe-sdk-go/internal/mockapi/mock.go:43.6,43.38 1 0
github.com/PinableAgents/typesafe-sdk-go/internal/mockapi/mock.go:44.7,45.1 1 0
github.com/PinableAgents/typesafe-sdk-go/internal/mockapi/mock.go:47.5,47.41 1 0
github.com/PinableAgents/typesafe-sdk-go/internal/mockapi/mock.go:48.6,49.1 1 0
github.com/PinableAgents/typesafe-sdk-go/internal/mockapi/mock.go:50.5,51.31 2 0
github.com/PinableAgents/typesafe-sdk-go/internal/mockapi/mock.go:52.6,53.1 1 0
github.com/PinableAgents/typesafe-sdk-go/internal/mockapi/mock.go:54.5,54.26 1 0
github.com/PinableAgents/typesafe-sdk-go/internal/mockapi/mock.go:55.6,56.1 1 0
github.com/PinableAgents/typesafe-sdk-go/internal/mockapi/mock.go:57.5,57.120 1 0
github.com/PinableAgents/typesafe-sdk-go/internal/mockapi/mock.go:59.5,63.32 5 0
github.com/PinableAgents/typesafe-sdk-go/internal/mockapi/mock.go:64.6,66.1 2 0
github.com/PinableAgents/typesafe-sdk-go/internal/mockapi/mock.go:67.5,67.26 1 0
github.com/PinableAgents/typesafe-sdk-go/internal/mockapi/mock.go:68.6,69.1 1 0
github.com/PinableAgents/typesafe-sdk-go/internal/mockapi/mock.go:70.5,70.131 1 0
github.com/PinableAgents/typesafe-sdk-go/internal/mockapi/mock.go:72.5,72.76 1 0
github.com/PinableAgents/typesafe-sdk-go/internal/mockapi/mock.go:75.3,75.155 1 0
github.com/PinableAgents/typesafe-sdk-go/contrib/agentpolicy/router.go:33.2,34.1 1 1
github.com/PinableAgents/typesafe-sdk-go/contrib/agentpolicy/router.go:58.2,58.22 1 1
github.com/PinableAgents/typesafe-sdk-go/contrib/agentpolicy/router.go:59.3,60.1 1 1
github.com/PinableAgents/typesafe-sdk-go/contrib/agentpolicy/router.go:61.2,61.48 1 1
github.com/PinableAgents/typesafe-sdk-go/contrib/agentpolicy/router.go:62.3,63.1 1 1
github.com/PinableAgents/typesafe-sdk-go/contrib/agentpolicy/router.go:64.2,64.69 1 1
github.com/PinableAgents/typesafe-sdk-go/contrib/agentpolicy/router.go:65.3,66.1 1 1
github.com/PinableAgents/typesafe-sdk-go/contrib/agentpolicy/router.go:67.2,67.56 1 1
github.com/PinableAgents/typesafe-sdk-go/contrib/agentpolicy/router.go:69.29,69.93 1 1
github.com/PinableAgents/typesafe-sdk-go/contrib/agentpolicy/router.go:72.2,82.1 1 1
github.com/PinableAgents/typesafe-sdk-go/contrib/agentpolicy/router.go:86.2,87.1 1 1
github.com/PinableAgents/typesafe-sdk-go/contrib/agentpolicy/router.go:93.2,93.16 1 1
github.com/PinableAgents/typesafe-sdk-go/contrib/agentpolicy/router.go:94.3,95.1 1 1
github.com/PinableAgents/typesafe-sdk-go/contrib/agentpolicy/router.go:96.2,96.88 1 1
github.com/PinableAgents/typesafe-sdk-go/contrib/agentpolicy/router.go:97.3,98.1 1 1
github.com/PinableAgents/typesafe-sdk-go/contrib/agentpolicy/router.go:99.2,99.106 1 1
github.com/PinableAgents/typesafe-sdk-go/contrib/agentpolicy/router.go:100.3,101.1 1 1
github.com/PinableAgents/typesafe-sdk-go/contrib/agentpolicy/router.go:102.2,105.1 10 1
github.com/PinableAgents/typesafe-sdk-go/contrib/agentpolicy/router.go:106.2,112.16 10 1
github.com/PinableAgents/typesafe-sdk-go/contrib/agentpolicy/router.go:113.3,114.1 1 1
github.com/PinableAgents/typesafe-sdk-go/contrib/agentpolicy/router.go:115.2,115.60 1 1
github.com/PinableAgents/typesafe-sdk-go/contrib/agentpolicy/router.go:116.3,117.1 1 1
github.com/PinableAgents/typesafe-sdk-go/contrib/agentpolicy/router.go:118.2,127.26 10 1
github.com/PinableAgents/typesafe-sdk-go/contrib/agentpolicy/router.go:128.3,129.1 1 1
github.com/PinableAgents/typesafe-sdk-go/contrib/agentpolicy/router.go:130.2,130.9 1 1
github.com/PinableAgents/typesafe-sdk-go/contrib/agentpolicy/router.go:132.3,132.35 1 1
github.com/PinableAgents/typesafe-sdk-go/contrib/agentpolicy/router.go:134.3,134.35 1 1
github.com/PinableAgents/typesafe-sdk-go/contrib/agentpolicy/router.go:136.3,136.42 1 1
github.com/PinableAgents/typesafe-sdk-go/contrib/agentpolicy/router.go:138.3,140.39 3 1
github.com/PinableAgents/typesafe-sdk-go/contrib/agentpolicy/router.go:142.2,142.20 1 1
github.com/PinableAgents/typesafe-sdk-go/client.go:64.2,64.20 1 1
github.com/PinableAgents/typesafe-sdk-go/client.go:65.3,66.1 1 1
github.com/PinableAgents/typesafe-sdk-go/client.go:67.2,67.62 1 1
github.com/PinableAgents/typesafe-sdk-go/client.go:68.3,69.1 1 1
github.com/PinableAgents/typesafe-sdk-go/client.go:70.2,70.17 1 1
github.com/PinableAgents/typesafe-sdk-go/client.go:76.2,77.34 2 1
github.com/PinableAgents/typesafe-sdk-go/client.go:78.3,79.1 1 1
github.com/PinableAgents/typesafe-sdk-go/client.go:80.2,80.38 1 1
github.com/PinableAgents/typesafe-sdk-go/client.go:81.3,82.1 1 1
github.com/PinableAgents/typesafe-sdk-go/client.go:83.2,85.152 3 1
github.com/PinableAgents/typesafe-sdk-go/client.go:86.3,87.1 1 1
github.com/PinableAgents/typesafe-sdk-go/client.go:88.2,88.50 1 1
github.com/PinableAgents/typesafe-sdk-go/client.go:89.3,90.1 1 1
github.com/PinableAgents/typesafe-sdk-go/client.go:91.2,91.38 1 1
github.com/PinableAgents/typesafe-sdk-go/client.go:92.3,93.1 1 1
github.com/PinableAgents/typesafe-sdk-go/client.go:94.2,95.17 2 1
github.com/PinableAgents/typesafe-sdk-go/client.go:96.3,97.1 1 1
github.com/PinableAgents/typesafe-sdk-go/client.go:98.2,98.43 1 1
github.com/PinableAgents/typesafe-sdk-go/client.go:99.3,100.1 1 1
github.com/PinableAgents/typesafe-sdk-go/client.go:101.2,101.18 1 1
github.com/PinableAgents/typesafe-sdk-go/client.go:102.3,103.1 1 1
github.com/PinableAgents/typesafe-sdk-go/client.go:104.2,104.17 1 1
github.com/PinableAgents/typesafe-sdk-go/client.go:105.3,106.1 1 0
github.com/PinableAgents/typesafe-sdk-go/client.go:107.2,108.36 2 1
github.com/PinableAgents/typesafe-sdk-go/client.go:109.3,110.1 1 1
github.com/PinableAgents/typesafe-sdk-go/client.go:111.2,112.22 2 1
github.com/PinableAgents/typesafe-sdk-go/client.go:113.3,114.1 1 1
github.com/PinableAgents/typesafe-sdk-go/client.go:115.2,115.41 1 1
github.com/PinableAgents/typesafe-sdk-go/client.go:116.3,117.1 1 1
github.com/PinableAgents/typesafe-sdk-go/client.go:118.2,119.16 2 1
github.com/PinableAgents/typesafe-sdk-go/client.go:120.3,121.1 1 1
github.com/PinableAgents/typesafe-sdk-go/client.go:122.2,122.32 1 1
github.com/PinableAgents/typesafe-sdk-go/client.go:123.3,124.1 1 1
github.com/PinableAgents/typesafe-sdk-go/client.go:125.2,127.27 3 1
github.com/PinableAgents/typesafe-sdk-go/client.go:128.3,129.1 1 1
github.com/PinableAgents/typesafe-sdk-go/client.go:129.9,129.66 1 1
github.com/PinableAgents/typesafe-sdk-go/client.go:130.3,131.1 1 1
github.com/PinableAgents/typesafe-sdk-go/client.go:132.3,134.1 2 0
github.com/PinableAgents/typesafe-sdk-go/client.go:137.2,138.64 2 1
github.com/PinableAgents/typesafe-sdk-go/client.go:138.66,138.98 1 1
github.com/PinableAgents/typesafe-sdk-go/client.go:139.2,140.119 1 1
github.com/PinableAgents/typesafe-sdk-go/client.go:146.2,146.56 1 1
github.com/PinableAgents/typesafe-sdk-go/client.go:147.3,148.1 1 1
github.com/PinableAgents/typesafe-sdk-go/client.go:149.2,149.12 1 1
github.com/PinableAgents/typesafe-sdk-go/client.go:160.2,160.35 1 1
github.com/PinableAgents/typesafe-sdk-go/client.go:161.3,161.19 1 1
github.com/PinableAgents/typesafe-sdk-go/client.go:162.4,163.1 1 1
github.com/PinableAgents/typesafe-sdk-go/client.go:164.3,165.13 2 0
github.com/PinableAgents/typesafe-sdk-go/client.go:169.2,170.35 2 0
github.com/PinableAgents/typesafe-sdk-go/client.go:171.3,171.38 1 0
github.com/PinableAgents/typesafe-sdk-go/client.go:172.4,173.1 1 0
github.com/PinableAgents/typesafe-sdk-go/client.go:174.3,175.13 2 0
github.com/PinableAgents/typesafe-sdk-go/client.go:179.2,180.35 2 1
github.com/PinableAgents/typesafe-sdk-go/client.go:181.3,181.35 1 1
github.com/PinableAgents/typesafe-sdk-go/client.go:182.4,183.1 1 1
github.com/PinableAgents/typesafe-sdk-go/client.go:184.3,184.13 1 1
github.com/PinableAgents/typesafe-sdk-go/client.go:189.2,190.1 2 1
github.com/PinableAgents/typesafe-sdk-go/client.go:192.2,192.30 2 1
github.com/PinableAgents/typesafe-sdk-go/client.go:193.3,194.1 1 1
github.com/PinableAgents/typesafe-sdk-go/client.go:195.2,195.27 1 1
github.com/PinableAgents/typesafe-sdk-go/client.go:196.3,196.17 1 1
github.com/PinableAgents/typesafe-sdk-go/client.go:197.4,198.1 1 1
github.com/PinableAgents/typesafe-sdk-go/client.go:199.3,199.33 1 1
github.com/PinableAgents/typesafe-sdk-go/client.go:200.4,201.1 1 1
github.com/PinableAgents/typesafe-sdk-go/client.go:203.2,209.15 7 1
github.com/PinableAgents/typesafe-sdk-go/client.go:213.2,214.16 2 1
github.com/PinableAgents/typesafe-sdk-go/client.go:215.3,216.1 1 0
github.com/PinableAgents/typesafe-sdk-go/client.go:217.2,219.16 3 1
github.com/PinableAgents/typesafe-sdk-go/client.go:220.3,221.1 1 1
github.com/PinableAgents/typesafe-sdk-go/client.go:222.2,223.21 2 1
github.com/PinableAgents/typesafe-sdk-go/client.go:230.2,230.16 1 1
github.com/PinableAgents/typesafe-sdk-go/client.go:231.3,232.1 1 1
github.com/PinableAgents/typesafe-sdk-go/client.go:233.2,234.46 2 1
github.com/PinableAgents/typesafe-sdk-go/client.go:235.3,236.1 1 1
github.com/PinableAgents/typesafe-sdk-go/client.go:237.2,238.16 2 1
github.com/PinableAgents/typesafe-sdk-go/client.go:239.3,240.1 1 0
github.com/PinableAgents/typesafe-sdk-go/client.go:241.2,241.74 1 1
github.com/PinableAgents/typesafe-sdk-go/client.go:245.2,247.16 3 1
github.com/PinableAgents/typesafe-sdk-go/client.go:248.3,249.1 1 1
github.com/PinableAgents/typesafe-sdk-go/client.go:250.2,251.21 2 1
github.com/PinableAgents/typesafe-sdk-go/client.go:256.43,256.76 1 1
github.com/PinableAgents/typesafe-sdk-go/client.go:258.2,259.1 1 1
github.com/PinableAgents/typesafe-sdk-go/client.go:262.2,262.16 1 1
github.com/PinableAgents/typesafe-sdk-go/client.go:263.3,264.1 1 1
github.com/PinableAgents/typesafe-sdk-go/client.go:265.2,265.21 1 1
github.com/PinableAgents/typesafe-sdk-go/client.go:266.3,267.1 1 1
github.com/PinableAgents/typesafe-sdk-go/client.go:268.2,269.16 2 1
github.com/PinableAgents/typesafe-sdk-go/client.go:270.3,271.1 1 1
github.com/PinableAgents/typesafe-sdk-go/client.go:272.2,273.32 2 1
github.com/PinableAgents/typesafe-sdk-go/client.go:274.3,274.35 1 1
github.com/PinableAgents/typesafe-sdk-go/client.go:275.4,276.1 1 0
github.com/PinableAgents/typesafe-sdk-go/client.go:277.3,280.17 4 1
github.com/PinableAgents/typesafe-sdk-go/client.go:281.4,283.1 2 1
github.com/PinableAgents/typesafe-sdk-go/client.go:284.3,285.17 2 1
github.com/PinableAgents/typesafe-sdk-go/client.go:286.4,288.1 2 1
github.com/PinableAgents/typesafe-sdk-go/client.go:289.3,289.17 1 1
github.com/PinableAgents/typesafe-sdk-go/client.go:290.4,292.1 2 1
github.com/PinableAgents/typesafe-sdk-go/client.go:293.3,294.1 2 1
github.com/PinableAgents/typesafe-sdk-go/client.go:296.3,296.23 2 1
github.com/PinableAgents/typesafe-sdk-go/client.go:297.4,299.1 2 1
github.com/PinableAgents/typesafe-sdk-go/client.go:300.3,300.63 1 1
github.com/PinableAgents/typesafe-sdk-go/client.go:301.4,303.1 2 1
github.com/PinableAgents/typesafe-sdk-go/client.go:304.3,305.109 2 1
github.com/PinableAgents/typesafe-sdk-go/client.go:306.4,308.1 2 1
github.com/PinableAgents/typesafe-sdk-go/client.go:309.3,309.74 1 1
github.com/PinableAgents/typesafe-sdk-go/client.go:310.4,312.1 2 0
github.com/PinableAgents/typesafe-sdk-go/client.go:313.3,316.16 4 1
github.com/PinableAgents/typesafe-sdk-go/client.go:317.4,318.11 2 1
github.com/PinableAgents/typesafe-sdk-go/client.go:320.5,321.26 2 1
github.com/PinableAgents/typesafe-sdk-go/client.go:322.19,322.19 0 0
github.com/PinableAgents/typesafe-sdk-go/client.go:328.2,328.23 1 1
github.com/PinableAgents/typesafe-sdk-go/client.go:329.3,330.1 1 1
github.com/PinableAgents/typesafe-sdk-go/client.go:334.2,337.17 4 1
github.com/PinableAgents/typesafe-sdk-go/client.go:338.3,339.1 1 1
github.com/PinableAgents/typesafe-sdk-go/client.go:340.2,341.16 2 1
github.com/PinableAgents/typesafe-sdk-go/client.go:342.3,343.1 1 0
github.com/PinableAgents/typesafe-sdk-go/client.go:344.2,345.17 2 1
github.com/PinableAgents/typesafe-sdk-go/client.go:346.3,347.1 1 1
github.com/PinableAgents/typesafe-sdk-go/client.go:348.2,348.17 1 1
github.com/PinableAgents/typesafe-sdk-go/client.go:349.3,350.1 1 1
github.com/PinableAgents/typesafe-sdk-go/client.go:351.2,352.16 2 1
github.com/PinableAgents/typesafe-sdk-go/client.go:353.3,354.1 1 1
github.com/PinableAgents/typesafe-sdk-go/client.go:355.2,358.16 4 1
github.com/PinableAgents/typesafe-sdk-go/client.go:359.3,360.1 1 0
github.com/PinableAgents/typesafe-sdk-go/client.go:361.2,361.43 1 1
github.com/PinableAgents/typesafe-sdk-go/client.go:362.3,363.1 1 1
github.com/PinableAgents/typesafe-sdk-go/client.go:364.2,365.53 2 1
github.com/PinableAgents/typesafe-sdk-go/client.go:366.3,369.1 1 1
github.com/PinableAgents/typesafe-sdk-go/client.go:370.2,370.50 1 1
github.com/PinableAgents/typesafe-sdk-go/client.go:371.3,372.34 2 1
github.com/PinableAgents/typesafe-sdk-go/client.go:373.4,375.1 2 1
github.com/PinableAgents/typesafe-sdk-go/client.go:376.3,376.112 1 0
github.com/PinableAgents/typesafe-sdk-go/client.go:378.2,378.62 1 1
github.com/PinableAgents/typesafe-sdk-go/client.go:379.3,379.46 1 1
github.com/PinableAgents/typesafe-sdk-go/client.go:380.4,381.1 1 1
github.com/PinableAgents/typesafe-sdk-go/client.go:383.2,383.17 1 1
github.com/PinableAgents/typesafe-sdk-go/client.go:387.2,387.25 1 1
github.com/PinableAgents/typesafe-sdk-go/client.go:388.3,389.1 1 1
github.com/PinableAgents/typesafe-sdk-go/client.go:390.2,391.132 2 1
github.com/PinableAgents/typesafe-sdk-go/client.go:392.3,393.1 1 1
github.com/PinableAgents/typesafe-sdk-go/client.go:394.2,394.37 1 1
github.com/PinableAgents/typesafe-sdk-go/client.go:397.2,401.9 5 1
github.com/PinableAgents/typesafe-sdk-go/client.go:403.3,403.26 1 1
github.com/PinableAgents/typesafe-sdk-go/client.go:405.3,405.19 1 1
github.com/PinableAgents/typesafe-sdk-go/client.go:407.3,407.22 1 1
github.com/PinableAgents/typesafe-sdk-go/client.go:409.3,409.31 1 1
github.com/PinableAgents/typesafe-sdk-go/client.go:411.3,411.20 1 0
github.com/PinableAgents/typesafe-sdk-go/client.go:413.3,413.29 1 1
github.com/PinableAgents/typesafe-sdk-go/client.go:415.3,415.24 1 1
github.com/PinableAgents/typesafe-sdk-go/client.go:419.2,420.41 2 1
github.com/PinableAgents/typesafe-sdk-go/client.go:421.3,422.1 1 1
github.com/PinableAgents/typesafe-sdk-go/client.go:423.2,423.33 1 1
github.com/PinableAgents/typesafe-sdk-go/client.go:424.3,425.1 1 1
github.com/PinableAgents/typesafe-sdk-go/client.go:426.2,427.9 2 1
github.com/PinableAgents/typesafe-sdk-go/client.go:428.3,429.1 1 1
github.com/PinableAgents/typesafe-sdk-go/client.go:430.2,430.61 1 1
github.com/PinableAgents/typesafe-sdk-go/client.go:431.3,431.37 1 1
github.com/PinableAgents/typesafe-sdk-go/client.go:432.4,433.1 1 1
github.com/PinableAgents/typesafe-sdk-go/client.go:434.3,434.45 1 1
github.com/PinableAgents/typesafe-sdk-go/client.go:435.4,435.42 1 1
github.com/PinableAgents/typesafe-sdk-go/client.go:436.5,437.1 1 1
github.com/PinableAgents/typesafe-sdk-go/client.go:440.2,440.46 1 1
github.com/PinableAgents/typesafe-sdk-go/client.go:441.3,442.29 2 1
github.com/PinableAgents/typesafe-sdk-go/client.go:443.4,444.11 2 1
github.com/PinableAgents/typesafe-sdk-go/client.go:445.5,445.13 1 0
github.com/PinableAgents/typesafe-sdk-go/client.go:447.4,448.11 2 1
github.com/PinableAgents/typesafe-sdk-go/client.go:449.5,449.13 1 0
github.com/PinableAgents/typesafe-sdk-go/client.go:451.4,452.44 2 1
github.com/PinableAgents/typesafe-sdk-go/client.go:453.5,453.35 1 1
github.com/PinableAgents/typesafe-sdk-go/client.go:454.6,454.24 1 1
github.com/PinableAgents/typesafe-sdk-go/client.go:455.7,456.1 1 1
github.com/PinableAgents/typesafe-sdk-go/client.go:459.4,459.21 1 1
github.com/PinableAgents/typesafe-sdk-go/client.go:460.5,461.1 1 1
github.com/PinableAgents/typesafe-sdk-go/client.go:462.4,462.34 1 1
github.com/PinableAgents/typesafe-sdk-go/client.go:464.3,464.35 1 1
github.com/PinableAgents/typesafe-sdk-go/client.go:466.2,466.11 1 1
github.com/PinableAgents/typesafe-sdk-go/errors.go:35.37,35.105 1 1
github.com/PinableAgents/typesafe-sdk-go/errors.go:38.2,38.16 1 1
github.com/PinableAgents/typesafe-sdk-go/errors.go:40.3,40.24 1 1
github.com/PinableAgents/typesafe-sdk-go/errors.go:42.3,42.28 1 1
github.com/PinableAgents/typesafe-sdk-go/errors.go:44.3,44.30 1 1
github.com/PinableAgents/typesafe-sdk-go/errors.go:46.3,46.22 1 1
github.com/PinableAgents/typesafe-sdk-go/errors.go:48.3,48.33 1 1
github.com/PinableAgents/typesafe-sdk-go/errors.go:50.3,50.23 1 1
github.com/PinableAgents/typesafe-sdk-go/errors.go:52.3,52.20 1 1
github.com/PinableAgents/typesafe-sdk-go/errors.go:53.4,54.1 1 1
github.com/PinableAgents/typesafe-sdk-go/errors.go:55.3,55.18 1 1
github.com/PinableAgents/typesafe-sdk-go/errors.go:62.2,63.1 1 0
github.com/PinableAgents/typesafe-sdk-go/errors.go:72.2,73.1 1 0
github.com/PinableAgents/typesafe-sdk-go/errors.go:77.44,77.100 1 1
github.com/PinableAgents/typesafe-sdk-go/errors.go:78.44,78.60 1 1
github.com/PinableAgents/typesafe-sdk-go/errors.go:86.2,87.1 1 0
github.com/PinableAgents/typesafe-sdk-go/errors.go:88.41,88.57 1 1
github.com/PinableAgents/typesafe-sdk-go/errors.go:93.2,94.1 1 0
github.com/PinableAgents/typesafe-sdk-go/errors.go:96.41,96.94 1 1
github.com/PinableAgents/typesafe-sdk-go/errors.go:98.2,99.1 1 1
github.com/PinableAgents/typesafe-sdk-go/request.go:10.2,11.19 2 1
github.com/PinableAgents/typesafe-sdk-go/request.go:12.3,13.1 1 0
github.com/PinableAgents/typesafe-sdk-go/request.go:14.2,14.38 1 1
github.com/PinableAgents/typesafe-sdk-go/request.go:15.3,16.1 1 1
github.com/PinableAgents/typesafe-sdk-go/request.go:17.2,17.77 1 1
github.com/PinableAgents/typesafe-sdk-go/request.go:21.2,21.18 1 1
github.com/PinableAgents/typesafe-sdk-go/request.go:22.3,23.1 1 1
github.com/PinableAgents/typesafe-sdk-go/request.go:24.2,25.26 2 1
github.com/PinableAgents/typesafe-sdk-go/request.go:26.3,28.17 3 1
github.com/PinableAgents/typesafe-sdk-go/request.go:29.4,30.1 1 1
github.com/PinableAgents/typesafe-sdk-go/request.go:31.3,31.53 1 1
github.com/PinableAgents/typesafe-sdk-go/request.go:32.4,33.1 1 1
github.com/PinableAgents/typesafe-sdk-go/request.go:34.3,34.18 1 1
github.com/PinableAgents/typesafe-sdk-go/request.go:36.2,36.17 1 1
github.com/PinableAgents/typesafe-sdk-go/request.go:40.2,41.60 2 1
github.com/PinableAgents/typesafe-sdk-go/request.go:42.3,43.1 1 1
github.com/PinableAgents/typesafe-sdk-go/request.go:44.2,45.90 2 1
github.com/PinableAgents/typesafe-sdk-go/request.go:46.3,47.1 1 1
github.com/PinableAgents/typesafe-sdk-go/request.go:48.2,48.75 1 1
github.com/PinableAgents/typesafe-sdk-go/request.go:49.3,50.1 1 1
github.com/PinableAgents/typesafe-sdk-go/request.go:51.2,51.14 1 1
github.com/PinableAgents/typesafe-sdk-go/request.go:53.3,54.95 2 1
github.com/PinableAgents/typesafe-sdk-go/request.go:55.4,56.1 1 1
github.com/PinableAgents/typesafe-sdk-go/request.go:57.3,58.82 2 1
github.com/PinableAgents/typesafe-sdk-go/request.go:59.4,60.1 1 1
github.com/PinableAgents/typesafe-sdk-go/request.go:61.3,61.37 1 1
github.com/PinableAgents/typesafe-sdk-go/request.go:62.4,62.59 1 1
github.com/PinableAgents/typesafe-sdk-go/request.go:63.5,64.1 1 1
github.com/PinableAgents/typesafe-sdk-go/request.go:65.4,65.31 1 1
github.com/PinableAgents/typesafe-sdk-go/request.go:66.5,67.1 1 1
github.com/PinableAgents/typesafe-sdk-go/request.go:70.3,71.76 2 1
github.com/PinableAgents/typesafe-sdk-go/request.go:72.4,73.1 1 1
github.com/PinableAgents/typesafe-sdk-go/request.go:74.3,74.34 1 1
github.com/PinableAgents/typesafe-sdk-go/request.go:75.4,75.32 1 1
github.com/PinableAgents/typesafe-sdk-go/request.go:76.5,77.1 1 1
github.com/PinableAgents/typesafe-sdk-go/request.go:80.2,80.12 1 1
github.com/PinableAgents/typesafe-sdk-go/request.go:84.2,84.21 1 1
github.com/PinableAgents/typesafe-sdk-go/request.go:85.3,86.1 1 1
github.com/PinableAgents/typesafe-sdk-go/request.go:87.2,88.44 2 1
github.com/PinableAgents/typesafe-sdk-go/request.go:89.3,90.1 1 1
github.com/PinableAgents/typesafe-sdk-go/request.go:91.2,92.16 2 1
github.com/PinableAgents/typesafe-sdk-go/request.go:93.3,94.1 1 0
github.com/PinableAgents/typesafe-sdk-go/request.go:95.2,96.40 2 1
github.com/PinableAgents/typesafe-sdk-go/request.go:97.3,98.1 1 1
github.com/PinableAgents/typesafe-sdk-go/request.go:99.2,100.16 2 1
github.com/PinableAgents/typesafe-sdk-go/request.go:101.3,102.1 1 1
github.com/PinableAgents/typesafe-sdk-go/request.go:103.2,103.17 1 1
github.com/PinableAgents/typesafe-sdk-go/response.go:11.2,13.62 3 1
github.com/PinableAgents/typesafe-sdk-go/response.go:14.3,15.1 1 1
github.com/PinableAgents/typesafe-sdk-go/response.go:16.2,16.52 1 1
github.com/PinableAgents/typesafe-sdk-go/response.go:17.3,18.1 1 1
github.com/PinableAgents/typesafe-sdk-go/response.go:19.2,19.19 1 1
github.com/PinableAgents/typesafe-sdk-go/response.go:23.2,24.16 2 1
github.com/PinableAgents/typesafe-sdk-go/response.go:25.3,26.1 1 1
github.com/PinableAgents/typesafe-sdk-go/response.go:27.2,28.23 2 1
github.com/PinableAgents/typesafe-sdk-go/response.go:29.3,30.17 2 1
github.com/PinableAgents/typesafe-sdk-go/response.go:31.4,32.1 1 1
github.com/PinableAgents/typesafe-sdk-go/response.go:33.3,33.28 1 1
github.com/PinableAgents/typesafe-sdk-go/response.go:34.4,35.1 1 1
github.com/PinableAgents/typesafe-sdk-go/response.go:36.3,36.17 1 1
github.com/PinableAgents/typesafe-sdk-go/response.go:38.2,38.15 1 1
github.com/PinableAgents/typesafe-sdk-go/response.go:40.38,40.102 1 1
github.com/PinableAgents/typesafe-sdk-go/response.go:43.2,44.53 2 1
github.com/PinableAgents/typesafe-sdk-go/response.go:45.3,46.1 1 1
github.com/PinableAgents/typesafe-sdk-go/response.go:47.2,48.16 2 1
github.com/PinableAgents/typesafe-sdk-go/response.go:49.3,50.1 1 1
github.com/PinableAgents/typesafe-sdk-go/response.go:51.2,52.16 2 1
github.com/PinableAgents/typesafe-sdk-go/response.go:53.3,54.1 1 1
github.com/PinableAgents/typesafe-sdk-go/response.go:55.2,56.118 2 1
github.com/PinableAgents/typesafe-sdk-go/response.go:57.3,57.102 1 1
github.com/PinableAgents/typesafe-sdk-go/response.go:58.4,59.18 2 1
github.com/PinableAgents/typesafe-sdk-go/response.go:60.5,61.1 1 1
github.com/PinableAgents/typesafe-sdk-go/response.go:62.4,62.17 1 1
github.com/PinableAgents/typesafe-sdk-go/response.go:63.5,64.1 1 1
github.com/PinableAgents/typesafe-sdk-go/response.go:65.4,65.17 1 1
github.com/PinableAgents/typesafe-sdk-go/response.go:68.2,69.41 2 1
github.com/PinableAgents/typesafe-sdk-go/response.go:70.3,71.17 2 1
github.com/PinableAgents/typesafe-sdk-go/response.go:72.4,73.1 1 1
github.com/PinableAgents/typesafe-sdk-go/response.go:75.2,80.1 2 1
github.com/PinableAgents/typesafe-sdk-go/response.go:81.2,81.35 2 1
github.com/PinableAgents/typesafe-sdk-go/response.go:82.3,84.55 3 1
github.com/PinableAgents/typesafe-sdk-go/response.go:85.4,86.1 1 1
github.com/PinableAgents/typesafe-sdk-go/response.go:87.3,88.17 2 1
github.com/PinableAgents/typesafe-sdk-go/response.go:89.4,90.1 1 1
github.com/PinableAgents/typesafe-sdk-go/response.go:91.3,91.60 1 1
github.com/PinableAgents/typesafe-sdk-go/response.go:92.4,93.12 2 1
github.com/PinableAgents/typesafe-sdk-go/response.go:95.3,95.21 1 1
github.com/PinableAgents/typesafe-sdk-go/response.go:96.4,97.18 2 1
github.com/PinableAgents/typesafe-sdk-go/response.go:98.5,99.1 1 1
github.com/PinableAgents/typesafe-sdk-go/response.go:100.4,100.25 1 1
github.com/PinableAgents/typesafe-sdk-go/response.go:101.5,102.1 1 1
github.com/PinableAgents/typesafe-sdk-go/response.go:103.4,105.12 3 1
github.com/PinableAgents/typesafe-sdk-go/response.go:107.3,108.17 2 1
github.com/PinableAgents/typesafe-sdk-go/response.go:109.4,110.1 1 1
github.com/PinableAgents/typesafe-sdk-go/response.go:111.3,111.33 1 1
github.com/PinableAgents/typesafe-sdk-go/response.go:112.4,113.1 1 1
github.com/PinableAgents/typesafe-sdk-go/response.go:114.3,115.17 2 1
github.com/PinableAgents/typesafe-sdk-go/response.go:116.4,117.1 1 1
github.com/PinableAgents/typesafe-sdk-go/response.go:118.3,118.23 1 1
github.com/PinableAgents/typesafe-sdk-go/response.go:119.4,120.18 2 1
github.com/PinableAgents/typesafe-sdk-go/response.go:121.5,122.1 1 1
github.com/PinableAgents/typesafe-sdk-go/response.go:123.4,125.12 3 1
github.com/PinableAgents/typesafe-sdk-go/response.go:127.3,128.17 2 1
github.com/PinableAgents/typesafe-sdk-go/response.go:129.4,130.1 1 1
github.com/PinableAgents/typesafe-sdk-go/response.go:131.3,132.17 2 1
github.com/PinableAgents/typesafe-sdk-go/response.go:133.4,134.1 1 1
github.com/PinableAgents/typesafe-sdk-go/response.go:135.3,136.34 2 1
github.com/PinableAgents/typesafe-sdk-go/response.go:137.4,138.18 2 1
github.com/PinableAgents/typesafe-sdk-go/response.go:139.5,140.1 1 1
github.com/PinableAgents/typesafe-sdk-go/response.go:141.4,141.32 1 1
github.com/PinableAgents/typesafe-sdk-go/response.go:142.5,143.1 1 1
github.com/PinableAgents/typesafe-sdk-go/response.go:144.4,147.35 4 1
github.com/PinableAgents/typesafe-sdk-go/response.go:148.5,149.1 1 0
github.com/PinableAgents/typesafe-sdk-go/response.go:150.4,150.27 1 1
github.com/PinableAgents/typesafe-sdk-go/response.go:152.3,152.41 1 1
github.com/PinableAgents/typesafe-sdk-go/response.go:153.4,154.18 2 1
github.com/PinableAgents/typesafe-sdk-go/response.go:155.5,156.1 1 1
github.com/PinableAgents/typesafe-sdk-go/response.go:157.4,157.32 1 1
github.com/PinableAgents/typesafe-sdk-go/response.go:159.3,159.51 1 1
github.com/PinableAgents/typesafe-sdk-go/response.go:161.2,162.12 2 1
github.com/PinableAgents/typesafe-sdk-go/response.go:166.2,167.55 2 1
github.com/PinableAgents/typesafe-sdk-go/response.go:168.3,169.1 1 1
github.com/PinableAgents/typesafe-sdk-go/response.go:170.2,170.17 1 1
github.com/PinableAgents/typesafe-sdk-go/response.go:174.2,175.53 2 1
github.com/PinableAgents/typesafe-sdk-go/response.go:176.3,177.1 1 1
github.com/PinableAgents/typesafe-sdk-go/response.go:178.2,179.16 2 1
github.com/PinableAgents/typesafe-sdk-go/response.go:180.3,181.1 1 1
github.com/PinableAgents/typesafe-sdk-go/response.go:182.2,183.30 2 1
github.com/PinableAgents/typesafe-sdk-go/response.go:184.3,186.17 3 1
github.com/PinableAgents/typesafe-sdk-go/response.go:187.4,188.1 1 1
github.com/PinableAgents/typesafe-sdk-go/response.go:189.3,190.17 2 1
github.com/PinableAgents/typesafe-sdk-go/response.go:191.4,192.1 1 1
github.com/PinableAgents/typesafe-sdk-go/response.go:193.3,194.17 2 1
github.com/PinableAgents/typesafe-sdk-go/response.go:195.4,196.1 1 1
github.com/PinableAgents/typesafe-sdk-go/response.go:197.3,197.98 1 1
github.com/PinableAgents/typesafe-sdk-go/response.go:199.2,200.12 2 1
github.com/PinableAgents/typesafe-sdk-go/response.go:208.2,208.14 1 1
github.com/PinableAgents/typesafe-sdk-go/response.go:209.3,210.1 1 1
github.com/PinableAgents/typesafe-sdk-go/response.go:211.2,212.16 2 1
github.com/PinableAgents/typesafe-sdk-go/response.go:213.3,214.1 1 0
github.com/PinableAgents/typesafe-sdk-go/response.go:215.2,215.36 1 1
github.com/PinableAgents/typesafe-sdk-go/response.go:216.3,222.22 7 1
github.com/PinableAgents/typesafe-sdk-go/response.go:223.4,224.1 1 1
github.com/PinableAgents/typesafe-sdk-go/response.go:225.3,225.29 1 1
github.com/PinableAgents/typesafe-sdk-go/response.go:226.4,227.1 1 1
github.com/PinableAgents/typesafe-sdk-go/response.go:228.3,228.15 1 1
github.com/PinableAgents/typesafe-sdk-go/response.go:230.4,231.41 2 1
github.com/PinableAgents/typesafe-sdk-go/response.go:232.5,233.1 1 1
github.com/PinableAgents/typesafe-sdk-go/response.go:235.4,236.47 2 1
github.com/PinableAgents/typesafe-sdk-go/response.go:237.5,238.1 1 1
github.com/PinableAgents/typesafe-sdk-go/response.go:239.4,241.71 3 1
github.com/PinableAgents/typesafe-sdk-go/response.go:242.5,243.1 1 1
github.com/PinableAgents/typesafe-sdk-go/response.go:244.4,245.61 2 1
github.com/PinableAgents/typesafe-sdk-go/response.go:246.5,247.1 1 1
github.com/PinableAgents/typesafe-sdk-go/response.go:248.4,249.30 2 1
github.com/PinableAgents/typesafe-sdk-go/response.go:250.5,251.37 2 1
github.com/PinableAgents/typesafe-sdk-go/response.go:252.6,253.1 1 1
github.com/PinableAgents/typesafe-sdk-go/response.go:254.5,254.26 1 1
github.com/PinableAgents/typesafe-sdk-go/response.go:255.6,256.1 1 1
github.com/PinableAgents/typesafe-sdk-go/response.go:257.5,257.13 1 1
github.com/PinableAgents/typesafe-sdk-go/response.go:259.4,259.30 1 1
github.com/PinableAgents/typesafe-sdk-go/response.go:260.5,261.1 1 1
github.com/PinableAgents/typesafe-sdk-go/response.go:263.4,264.47 2 1
github.com/PinableAgents/typesafe-sdk-go/response.go:265.5,266.1 1 1
github.com/PinableAgents/typesafe-sdk-go/response.go:267.4,269.87 3 1
github.com/PinableAgents/typesafe-sdk-go/response.go:270.5,271.1 1 1
github.com/PinableAgents/typesafe-sdk-go/response.go:272.4,273.28 2 1
github.com/PinableAgents/typesafe-sdk-go/response.go:274.5,275.37 2 1
github.com/PinableAgents/typesafe-sdk-go/response.go:276.6,277.1 1 1
github.com/PinableAgents/typesafe-sdk-go/response.go:278.5,278.46 1 1
github.com/PinableAgents/typesafe-sdk-go/response.go:279.6,280.1 1 1
github.com/PinableAgents/typesafe-sdk-go/response.go:281.5,282.31 2 1
github.com/PinableAgents/typesafe-sdk-go/response.go:284.4,284.30 1 1
github.com/PinableAgents/typesafe-sdk-go/response.go:285.5,286.1 1 1
github.com/PinableAgents/typesafe-sdk-go/response.go:287.4,287.102 1 1
github.com/PinableAgents/typesafe-sdk-go/response.go:288.5,289.1 1 1
github.com/PinableAgents/typesafe-sdk-go/response.go:291.4,291.83 1 0
github.com/PinableAgents/typesafe-sdk-go/response.go:294.2,294.12 1 1
github.com/PinableAgents/typesafe-sdk-go/retry.go:32.2,33.29 2 1
github.com/PinableAgents/typesafe-sdk-go/retry.go:34.3,35.1 1 1
github.com/PinableAgents/typesafe-sdk-go/retry.go:36.2,38.83 1 1
github.com/PinableAgents/typesafe-sdk-go/retry.go:41.2,43.1 2 1
github.com/PinableAgents/typesafe-sdk-go/retry.go:45.2,45.22 1 1
github.com/PinableAgents/typesafe-sdk-go/retry.go:46.3,47.1 1 1
github.com/PinableAgents/typesafe-sdk-go/retry.go:48.2,48.68 1 1
github.com/PinableAgents/typesafe-sdk-go/retry.go:49.3,50.1 1 1
github.com/PinableAgents/typesafe-sdk-go/retry.go:51.2,51.37 1 1
github.com/PinableAgents/typesafe-sdk-go/retry.go:52.3,53.1 1 1
github.com/PinableAgents/typesafe-sdk-go/retry.go:54.2,54.40 1 1
github.com/PinableAgents/typesafe-sdk-go/retry.go:55.3,55.35 1 1
github.com/PinableAgents/typesafe-sdk-go/retry.go:56.4,57.1 1 1
github.com/PinableAgents/typesafe-sdk-go/retry.go:59.2,59.12 1 1
github.com/PinableAgents/typesafe-sdk-go/retry.go:62.2,66.9 5 1
github.com/PinableAgents/typesafe-sdk-go/retry.go:68.3,68.30 1 1
github.com/PinableAgents/typesafe-sdk-go/retry.go:70.3,70.33 1 1
github.com/PinableAgents/typesafe-sdk-go/retry.go:72.3,72.36 1 1
github.com/PinableAgents/typesafe-sdk-go/retry.go:73.4,73.27 1 1
github.com/PinableAgents/typesafe-sdk-go/retry.go:74.5,75.10 2 1
github.com/PinableAgents/typesafe-sdk-go/retry.go:79.2,79.60 1 1
github.com/PinableAgents/typesafe-sdk-go/retry.go:82.2,83.74 2 1
github.com/PinableAgents/typesafe-sdk-go/retry.go:84.3,85.1 1 1
github.com/PinableAgents/typesafe-sdk-go/retry.go:86.2,86.48 1 1
github.com/PinableAgents/typesafe-sdk-go/retry.go:87.3,88.1 1 1
github.com/PinableAgents/typesafe-sdk-go/retry.go:89.2,90.22 2 1
github.com/PinableAgents/typesafe-sdk-go/retry.go:91.3,92.1 1 0
github.com/PinableAgents/typesafe-sdk-go/retry.go:93.2,93.51 1 1
github.com/PinableAgents/typesafe-sdk-go/retry.go:94.3,94.25 1 1
github.com/PinableAgents/typesafe-sdk-go/retry.go:95.4,96.1 1 1
github.com/PinableAgents/typesafe-sdk-go/retry.go:97.4,98.1 1 1
github.com/PinableAgents/typesafe-sdk-go/retry.go:101.2,101.73 1 1
github.com/PinableAgents/typesafe-sdk-go/retry.go:105.2,110.1 1 1
github.com/PinableAgents/typesafe-sdk-go/retry.go:111.3,112.34 2 1
github.com/PinableAgents/typesafe-sdk-go/retry.go:113.4,113.12 1 1
github.com/PinableAgents/typesafe-sdk-go/retry.go:115.3,116.16 2 1
github.com/PinableAgents/typesafe-sdk-go/retry.go:117.4,118.1 1 1
github.com/PinableAgents/typesafe-sdk-go/retry.go:119.3,120.66 2 1
github.com/PinableAgents/typesafe-sdk-go/retry.go:121.4,122.57 2 1
github.com/PinableAgents/typesafe-sdk-go/retry.go:123.5,125.1 2 1
github.com/PinableAgents/typesafe-sdk-go/retry.go:126.4,127.13 2 1
github.com/PinableAgents/typesafe-sdk-go/retry.go:129.3,129.38 1 1
github.com/PinableAgents/typesafe-sdk-go/retry.go:130.4,130.52 1 1
github.com/PinableAgents/typesafe-sdk-go/retry.go:131.5,132.14 2 1
github.com/PinableAgents/typesafe-sdk-go/retry.go:133.6,134.1 1 1
github.com/PinableAgents/typesafe-sdk-go/retry.go:135.5,135.14 1 1
github.com/PinableAgents/typesafe-sdk-go/retry.go:139.2,139.12 1 1
github.com/PinableAgents/typesafe-sdk-go/types.go:59.34,59.34 0 0
github.com/PinableAgents/typesafe-sdk-go/types.go:60.34,60.34 0 0
github.com/PinableAgents/typesafe-sdk-go/types.go:61.34,61.34 0 0
github.com/PinableAgents/typesafe-sdk-go/types.go:62.34,62.34 0 0
github.com/PinableAgents/typesafe-sdk-go/types.go:65.2,66.1 1 1
github.com/PinableAgents/typesafe-sdk-go/types.go:68.2,69.1 1 1
github.com/PinableAgents/typesafe-sdk-go/types.go:71.2,72.1 1 1
github.com/PinableAgents/typesafe-sdk-go/types.go:73.54,73.94 1 1
github.com/PinableAgents/typesafe-sdk-go/types.go:76.2,77.25 2 1
github.com/PinableAgents/typesafe-sdk-go/types.go:78.3,79.17 2 1
github.com/PinableAgents/typesafe-sdk-go/types.go:80.4,81.1 1 1
github.com/PinableAgents/typesafe-sdk-go/types.go:82.3,82.28 1 1
github.com/PinableAgents/typesafe-sdk-go/types.go:83.4,84.1 1 1
github.com/PinableAgents/typesafe-sdk-go/types.go:86.2,86.17 1 1
github.com/PinableAgents/typesafe-sdk-go/types.go:87.3,88.1 1 1
github.com/PinableAgents/typesafe-sdk-go/types.go:89.2,89.24 1 1
github.com/PinableAgents/typesafe-sdk-go/types.go:93.2,94.31 2 1
github.com/PinableAgents/typesafe-sdk-go/types.go:95.3,96.1 1 1
github.com/PinableAgents/typesafe-sdk-go/types.go:97.2,97.63 1 1
github.com/PinableAgents/typesafe-sdk-go/types.go:101.2,102.31 2 1
github.com/PinableAgents/typesafe-sdk-go/types.go:103.3,104.1 1 1
github.com/PinableAgents/typesafe-sdk-go/types.go:105.2,105.62 1 1
github.com/PinableAgents/typesafe-sdk-go/types.go:125.41,125.56 1 1
github.com/PinableAgents/typesafe-sdk-go/types.go:134.43,134.60 1 1
github.com/PinableAgents/typesafe-sdk-go/types.go:144.42,144.58 1 1
